PASS NVDLA job=0x0000000000000000 hart=0x0000000000000000 elements=0x0000000000000008
PASS NVDLA job=0x0000000000000001 hart=0x0000000000000001 elements=0x0000000000000008
PASS NVDLA job=0x0000000000000002 hart=0x0000000000000000 elements=0x0000000000000030
PASS NVDLA job=0x0000000000000003 hart=0x0000000000000001 elements=0x0000000000000030
PASS NVDLA job=0x0000000000000004 hart=0x0000000000000000 elements=0x0000000000000100
PASS NVDLA job=0x0000000000000005 hart=0x0000000000000001 elements=0x0000000000000100
PASS NVDLA job=0x0000000000000006 hart=0x0000000000000000 elements=0x00000000000004c8
PASS NVDLA job=0x0000000000000007 hart=0x0000000000000001 elements=0x00000000000004c8
PASS NVDLA job=0x0000000000000008 hart=0x0000000000000000 elements=0x0000000000000180
PASS NVDLA job=0x0000000000000009 hart=0x0000000000000001 elements=0x0000000000000180
PASS NVDLA job=0x000000000000000a hart=0x0000000000000000 elements=0x0000000000000090
PASS NVDLA job=0x000000000000000b hart=0x0000000000000001 elements=0x0000000000000090
PASS NVDLA job=0x000000000000000c hart=0x0000000000000000 elements=0x0000000000000110
PASS NVDLA job=0x000000000000000d hart=0x0000000000000001 elements=0x0000000000000110
PASS NVDLA job=0x000000000000000e hart=0x0000000000000000 elements=0x0000000000000100
PASS NVDLA job=0x000000000000000f hart=0x0000000000000001 elements=0x0000000000000100
PASS NVDLA CDP LUT job=0x0000000000000010 gain=0x0000000000000001 elements=256
PASS NVDLA CDP LUT job=0x0000000000000011 gain=0x0000000000000002 elements=256
PASS NVDLA convolution 1x1 C8 K8 hart=0x0000000000000000 outputs=8
PASS NVDLA convolution 1x1 C8 K8 hart=0x0000000000000001 outputs=8
PASS NVDLA PDP 2x2 max outputs=8
PASS NVDLA PDP 2x2 min outputs=8
PASS NVDLA standalone engines cycles=14569 (PLIC emulated; CPU/cache absent)
