%Warning: System has stack size 8192 kb which may be too small; suggest 'ulimit -c 104905' or larger
[UART] UART0 is here (stdin/stdout).
== Loading device model file '${CHIPYARD_ROOT}/generators/testchipip/src/main/resources/dramsim2_ini/DDR3_micron_64M_8B_x4_sg15.ini' == 
== Loading system model file '${CHIPYARD_ROOT}/generators/testchipip/src/main/resources/dramsim2_ini/system.ini' == 
===== MemorySystem 0 =====
CH. 0 TOTAL_STORAGE : 4096MB | 1 Ranks | 16 Devices per rank
DRAMSim2 Clock Frequency =666666666Hz, CPU Clock Frequency=500000000Hz
PASS NVDLA job=0x0000000000000000 hart=0x0000000000000000 elements=0x0000000000000008
PASS NVDLA job=0x0000000000000001 hart=0x0000000000000001 elements=0x0000000000000008
PASS NVDLA job=0x0000000000000002 hart=0x0000000000000000 elements=0x0000000000000030
PASS NVDLA job=0x0000000000000003 hart=0x0000000000000001 elements=0x0000000000000030
PASS NVDLA job=0x0000000000000004 hart=0x0000000000000000 elements=0x0000000000000100
PASS NVDLA job=0x0000000000000005 hart=0x0000000000000001 elements=0x0000000000000100
PASS NVDLA job=0x0000000000000006 hart=0x0000000000000000 elements=0x00000000000004c8
PASS NVDLA job=0x0000000000000007 hart=0x0000000000000001 elements=0x00000000000004c8
PASS NVDLA job=0x0000000000000008 hart=0x0000000000000000 elements=0x0000000000000180
PASS NVDLA job=0x0000000000000009 hart=0x0000000000000001 elements=0x0000000000000180
PASS NVDLA job=0x000000000000000a hart=0x0000000000000000 elements=0x0000000000000090
PASS NVDLA job=0x000000000000000b hart=0x0000000000000001 elements=0x0000000000000090
PASS NVDLA job=0x000000000000000c hart=0x0000000000000000 elements=0x0000000000000110
PASS NVDLA job=0x000000000000000d hart=0x0000000000000001 elements=0x0000000000000110
PASS NVDLA job=0x000000000000000e hart=0x0000000000000000 elements=0x0000000000000100
PASS NVDLA job=0x000000000000000f hart=0x0000000000000001 elements=0x0000000000000100
PASS NVDLA CDP LUT job=0x0000000000000010 gain=0x0000000000000001 elements=256
PASS NVDLA CDP LUT job=0x0000000000000011 gain=0x0000000000000002 elements=256
PASS NVDLA convolution 1x1 C8 K8 hart=0x0000000000000000 outputs=8
PASS NVDLA convolution 1x1 C8 K8 hart=0x0000000000000001 outputs=8
PASS NVDLA PDP 2x2 max outputs=8
PASS NVDLA PDP 2x2 min outputs=8
PASS NVDLA dual-hart: 16 SDP + 2 CDP + 2 convolution + 2 pooling jobs, coherent DMA, guards, PLIC
- ${CHIPYARD_ROOT}/sims/verilator/generated-src/chipyard.harness.TestHarness.DualRocketNVDLAConfig/gen-collateral/TestDriver.v:158: Verilog $finish
