make: Entering directory '${CHIPYARD_ROOT}/sims/verilator'
make: Nothing to be done for 'default'.
make: Leaving directory '${CHIPYARD_ROOT}/sims/verilator'
	Command being timed: "make -C ${CHIPYARD_ROOT}/sims/verilator CONFIG=DualRocketFFTConfig -j2"
	User time (seconds): 0.39
	System time (seconds): 0.26
	Percent of CPU this job got: 84%
	Elapsed (wall clock) time (h:mm:ss or m:ss): 0:00.78
	Average shared text size (kbytes): 0
	Average unshared data size (kbytes): 0
	Average stack size (kbytes): 0
	Average total size (kbytes): 0
	Maximum resident set size (kbytes): 12928
	Average resident set size (kbytes): 0
	Major (requiring I/O) page faults: 0
	Minor (reclaiming a frame) page faults: 10109
	Voluntary context switches: 213
	Involuntary context switches: 242
	Swaps: 0
	File system inputs: 0
	File system outputs: 8
	Socket messages sent: 0
	Socket messages received: 0
	Signals delivered: 0
	Page size (bytes): 4096
	Exit status: 0
