[INFO ODB-0227] LEF file: archive/design_inputs/aes_asap7/asap7_tech_1x_201209.lef, created 30 layers, 9 vias
[INFO ODB-0227] LEF file: archive/design_inputs/aes_asap7/asap7sc7p5t_28_R_1x_220121a.lef, created 212 library cells
[WARNING IFP-0028] Core area lower left (10.000, 10.000) snapped to (10.044, 10.260).
[INFO IFP-0001] Added 665 rows of 3332 site asap7sc7p5t.
[INFO IFP-0100] Die BBox:  (  0.000  0.000 ) ( 200.000 200.000 ) um
[INFO IFP-0101] Core BBox: ( 10.044 10.260 ) ( 189.972 189.810 ) um
[INFO IFP-0102] Core area:                        32306.072 um^2
[INFO IFP-0103] Total instances area:                 1.254 um^2
[INFO IFP-0104] Effective utilization:                0.000
[INFO IFP-0105] Number of instances:                      5
[INFO GPL-0001] ---- Initialize GPL Main Data Structures
[INFO GPL-0002] DBU: 1000
[INFO GPL-0003] SiteSize: (  0.054  0.270 ) um
[INFO GPL-0004] CoreBBox: ( 10.044 10.260 ) ( 189.972 189.810 ) um
[INFO GPL-0016] Core area:                   32306.072 um^2
[INFO GPL-0036] Movable instances area:          1.254 um^2
[INFO GPL-0037] Total instances area:            1.254 um^2
[INFO GPL-0035] Pin density area adjust:        -0.071 um^2
[INFO GPL-0032] ---- Initialize Region: Top-level
[INFO GPL-0006] Number of instances:                 5
[INFO GPL-0007] Movable instances:                   5
[INFO GPL-0008] Fixed instances:                     0
[INFO GPL-0009] Dummy instances:                     0
[INFO GPL-0010] Number of nets:                     10
[INFO GPL-0011] Number of pins:                     14
[INFO GPL-0012] Die BBox:       (  0.000  0.000 ) ( 200.000 200.000 ) um
[INFO GPL-0013] Placement BBox: ( 10.044 10.260 ) ( 189.972 189.810 ) um
[INFO GPL-0014] Region name: top-level.
[INFO GPL-0015] Region area:                 32306.072 um^2
[INFO GPL-0017] Fixed instances area:            0.000 um^2
[INFO GPL-0018] Movable instances area:          1.183 um^2
[INFO GPL-0019] Utilization:                     0.004 %
[INFO GPL-0020] Standard cells area:             1.183 um^2
[INFO GPL-0021] Large instances area:            0.000 um^2
[INFO GPL-0005] ---- Execute Conjugate Gradient Initial Placement.
[INFO GPL-0051] Source of initial instance position counters:
	Odb location = 0	Core center = 5	Region center = 0
[INFO GPL-0033] ---- Initialize Nesterov Region: Top-level
[INFO GPL-0023] Placement target density:       0.5000
[INFO GPL-0024] Movable insts average area:      0.237 um^2
[INFO GPL-0025] Ideal bin area:                  0.473 um^2
[INFO GPL-0026] Ideal bin count:                 68260
[INFO GPL-0027] Total bin area:              32306.072 um^2
[INFO GPL-0028] Bin count (X, Y):         256 ,    256
[INFO GPL-0029] Bin size (W * H):       0.703 *  0.701 um
[INFO GPL-0030] Number of bins:                  65536
[INFO GPL-0084] ---- Execute Nesterov Global Placement.
[INFO GPL-0031] HPWL: Half-Perimeter Wirelength
Iteration | Overflow |     HPWL (um) |  HPWL(%) |   Penalty | Group
---------------------------------------------------------------
        0 |   0.1053 |  1.631000e+00 |   +0.00% |  3.61e-14 |      
        1 |   0.0378 |  1.190000e+00 |          |  3.90e-14 |      
---------------------------------------------------------------
[INFO GPL-1001] Global placement finished at iteration 1
[INFO GPL-1002] Placed Cell Area                1.1832
[INFO GPL-1003] Available Free Area         32306.0724
[INFO GPL-1004] Minimum Feasible Density        0.0100 (cell_area / free_area)
[INFO GPL-1006]   Suggested Target Densities:
[INFO GPL-1007]     - For 90% usage of free space: 0.0000
[INFO GPL-1008]     - For 80% usage of free space: 0.0000
[INFO GPL-1009]     - For 50% usage of free space: 0.0001
[INFO GPL-1014] Final placement area: 1.18 (+0.00%)
[INFO GPL-1018] Final HPWL (um): 1.34
[WARNING DPL-0387] BTerm clk1 is unplaced.
[WARNING DPL-0387] BTerm clk2 is unplaced.
[WARNING DPL-0387] BTerm clk3 is unplaced.
[WARNING DPL-0387] BTerm in1 is unplaced.
[WARNING DPL-0387] BTerm in2 is unplaced.
[WARNING DPL-0387] BTerm out is unplaced.
[INFO DPL-0006] Core area: 32306.07 um^2
[INFO DPL-0007] Movable instances area: 1.25 um^2
[INFO DPL-0008] Fixed instances area within core: 0.00 um^2
[INFO DPL-0009] Utilization: 0.0%
[INFO DPL-0005] Diamond search max displacement: +/- 500 sites horizontally, +/- 100 rows vertically.
[INFO DPL-1102] Legalizing using negotiation legalizer.
[INFO DPL-1103] Negotiation base search window: +/-20 sites horizontally, +/-5 rows vertically 
	Automatic search window extension enabled.
	Search window extendable up to the max displacement cap of +/-500 sites, +/-100 rows near walls.
[INFO DPL-1104] NegotiationLegalizer DRC penalty: 5.
[INFO DPL-0392] Negotiation cell height distribution (1 unique row-count(s)):
[INFO DPL-0393]   height 1 row(s): 5 cells
          |      Total |  Illegal |  Illegal
Iteration | Violations |    Cells |    Sites
---------------------------------------------
        0 |          0 |         0 |         0
Negotiation phase 1 converged at iteration 0.
[INFO DPL-0500] Runtime: 0.09s
Placement Analysis
---------------------------------
total displacement          1.7 u
average displacement        0.3 u
max displacement            0.6 u
original HPWL               1.3 u
legalized HPWL              3.6 u
delta HPWL                  169 %


